2026-07-22 20:03:39 | INFO     | banking_data_platform | Application started.
2026-07-22 20:03:39 | WARNING  | banking_data_platform | This is a warning.
2026-07-22 20:03:39 | ERROR    | banking_data_platform | This is an error.
2026-07-22 22:25:58 | INFO     | __main__ | ======================================================================
2026-07-22 22:25:58 | INFO     | __main__ | Customer Generator Initialized
2026-07-22 22:25:58 | INFO     | __main__ | ======================================================================
2026-07-22 22:27:45 | INFO     | __main__ | ======================================================================
2026-07-22 22:27:45 | INFO     | __main__ | Customer Generator Initialized
2026-07-22 22:27:45 | INFO     | __main__ | ======================================================================
2026-07-22 22:27:45 | INFO     | __main__ | ================================================================================
2026-07-22 22:27:45 | INFO     | __main__ | CUSTOMER DOMAIN PIPELINE STARTED
2026-07-22 22:27:45 | INFO     | __main__ | ================================================================================
2026-07-22 22:27:45 | INFO     | __main__ | Generating 5000 customers...
2026-07-22 22:27:45 | ERROR    | __main__ | Customer Domain Pipeline Failed.
Traceback (most recent call last):
  File "C:\Documents\Banking_Data_Platform\python\generators\customer_generator.py", line 1138, in run
    self.generate_customers()
  File "C:\Documents\Banking_Data_Platform\python\generators\customer_generator.py", line 245, in generate_customers
    customer = self._build_customer()
               ^^^^^^^^^^^^^^^^^^^^^^
  File "C:\Documents\Banking_Data_Platform\python\generators\customer_generator.py", line 306, in _build_customer
    batch_id=self._generate_batch_id()
             ^^^^^^^^^^^^^^^^^^^^^^^
AttributeError: 'CustomerGenerator' object has no attribute '_generate_batch_id'
2026-07-22 22:28:20 | INFO     | __main__ | ======================================================================
2026-07-22 22:28:20 | INFO     | __main__ | Customer Generator Initialized
2026-07-22 22:28:20 | INFO     | __main__ | ======================================================================
2026-07-22 22:28:20 | INFO     | __main__ | ================================================================================
2026-07-22 22:28:20 | INFO     | __main__ | CUSTOMER DOMAIN PIPELINE STARTED
2026-07-22 22:28:20 | INFO     | __main__ | ================================================================================
2026-07-22 22:28:20 | INFO     | __main__ | Generating 5000 customers...
2026-07-22 22:28:20 | INFO     | __main__ | Successfully generated 5000 customers.
2026-07-22 22:28:20 | INFO     | __main__ | Generating customer addresses...
2026-07-22 22:28:20 | ERROR    | __main__ | Customer Domain Pipeline Failed.
Traceback (most recent call last):
  File "C:\Documents\Banking_Data_Platform\python\generators\customer_generator.py", line 1139, in run
    self.generate_addresses()
  File "C:\Documents\Banking_Data_Platform\python\generators\customer_generator.py", line 431, in generate_addresses
    current_address = self._build_address(
                      ^^^^^^^^^^^^^^^^^^^^
  File "C:\Documents\Banking_Data_Platform\python\generators\customer_generator.py", line 492, in _build_address
    address_line2=self.fake.secondary_address(),
                  ^^^^^^^^^^^^^^^^^^^^^^^^^^^
  File "C:\Users\hp\AppData\Local\Programs\Python\Python312\Lib\site-packages\faker\proxy.py", line 130, in __getattr__
    return getattr(self._factories[0], attr)
           ^^^^^^^^^^^^^^^^^^^^^^^^^^^^^^^^^
AttributeError: 'Generator' object has no attribute 'secondary_address'
2026-07-22 22:35:12 | INFO     | __main__ | ======================================================================
2026-07-22 22:35:12 | INFO     | __main__ | Customer Generator Initialized
2026-07-22 22:35:12 | INFO     | __main__ | ======================================================================
2026-07-22 22:35:12 | INFO     | __main__ | ================================================================================
2026-07-22 22:35:12 | INFO     | __main__ | CUSTOMER DOMAIN PIPELINE STARTED
2026-07-22 22:35:12 | INFO     | __main__ | ================================================================================
2026-07-22 22:35:12 | INFO     | __main__ | Generating 5000 customers...
2026-07-22 22:35:13 | INFO     | __main__ | Successfully generated 5000 customers.
2026-07-22 22:35:13 | INFO     | __main__ | Generating customer addresses...
2026-07-22 22:35:13 | INFO     | __main__ | Successfully generated 6260 addresses.
2026-07-22 22:35:13 | INFO     | __main__ | Generating KYC records...
2026-07-22 22:35:13 | INFO     | __main__ | Successfully generated 5000 KYC records.
2026-07-22 22:35:13 | INFO     | __main__ | ======================================================================
2026-07-22 22:35:13 | INFO     | __main__ | Running Customer Domain Validations
2026-07-22 22:35:13 | INFO     | __main__ | ======================================================================
2026-07-22 22:35:13 | ERROR    | __main__ | Customer Domain Pipeline Failed.
Traceback (most recent call last):
  File "C:\Documents\Banking_Data_Platform\python\generators\customer_generator.py", line 1169, in run
    if not self.validate_all():
           ^^^^^^^^^^^^^^^^^^^
  File "C:\Documents\Banking_Data_Platform\python\generators\customer_generator.py", line 963, in validate_all
    self.validate_customers(),
    ^^^^^^^^^^^^^^^^^^^^^^^^^
  File "C:\Documents\Banking_Data_Platform\python\generators\customer_generator.py", line 371, in validate_customers
    df = self.customers_df()
         ^^^^^^^^^^^^^^^^^^^
  File "C:\Documents\Banking_Data_Platform\python\generators\customer_generator.py", line 216, in customers_df
    [c.to_dict() for c in self.customers]
     ^^^^^^^^^^^
  File "C:\Documents\Banking_Data_Platform\python\models\cust_customer.py", line 51, in to_dict
    return self.__dict__
           ^^^^^^^^^^^^^
AttributeError: 'Customer' object has no attribute '__dict__'. Did you mean: '__dir__'?
2026-07-22 22:38:44 | INFO     | __main__ | ======================================================================
2026-07-22 22:38:44 | INFO     | __main__ | Customer Generator Initialized
2026-07-22 22:38:44 | INFO     | __main__ | ======================================================================
2026-07-22 22:38:44 | INFO     | __main__ | ================================================================================
2026-07-22 22:38:44 | INFO     | __main__ | CUSTOMER DOMAIN PIPELINE STARTED
2026-07-22 22:38:44 | INFO     | __main__ | ================================================================================
2026-07-22 22:38:44 | INFO     | __main__ | Generating 5000 customers...
2026-07-22 22:38:44 | INFO     | __main__ | Successfully generated 5000 customers.
2026-07-22 22:38:44 | INFO     | __main__ | Generating customer addresses...
2026-07-22 22:38:45 | INFO     | __main__ | Successfully generated 6260 addresses.
2026-07-22 22:38:45 | INFO     | __main__ | Generating KYC records...
2026-07-22 22:38:45 | INFO     | __main__ | Successfully generated 5000 KYC records.
2026-07-22 22:38:45 | INFO     | __main__ | ======================================================================
2026-07-22 22:38:45 | INFO     | __main__ | Running Customer Domain Validations
2026-07-22 22:38:45 | INFO     | __main__ | ======================================================================
2026-07-22 22:38:45 | INFO     | __main__ | ------------------------------------------------------------
2026-07-22 22:38:45 | INFO     | __main__ | Customer Validation Results
2026-07-22 22:38:45 | INFO     | __main__ | ------------------------------------------------------------
2026-07-22 22:38:45 | INFO     | __main__ | PASS : Unique Customer IDs
2026-07-22 22:38:45 | INFO     | __main__ | PASS : No Null Customer IDs
2026-07-22 22:38:45 | INFO     | __main__ | PASS : No Null Emails
2026-07-22 22:38:45 | INFO     | __main__ | PASS : No Null Phones
2026-07-22 22:38:45 | INFO     | __main__ | PASS : Income Positive
2026-07-22 22:38:45 | INFO     | __main__ | ------------------------------------------------------------
2026-07-22 22:38:45 | INFO     | __main__ | Address Validation Results
2026-07-22 22:38:45 | INFO     | __main__ | ------------------------------------------------------------
2026-07-22 22:38:45 | INFO     | __main__ | PASS : Unique Address IDs
2026-07-22 22:38:45 | INFO     | __main__ | PASS : No Null Address IDs
2026-07-22 22:38:45 | INFO     | __main__ | PASS : No Null Customer IDs
2026-07-22 22:38:45 | INFO     | __main__ | PASS : One Current Address Maximum
2026-07-22 22:38:45 | INFO     | __main__ | PASS : Customer Exists
2026-07-22 22:38:45 | INFO     | __main__ | ------------------------------------------------------------
2026-07-22 22:38:45 | INFO     | __main__ | KYC Validation Results
2026-07-22 22:38:45 | INFO     | __main__ | ------------------------------------------------------------
2026-07-22 22:38:45 | INFO     | __main__ | PASS : Unique Customer IDs
2026-07-22 22:38:45 | INFO     | __main__ | PASS : No Null PAN
2026-07-22 22:38:45 | INFO     | __main__ | PASS : No Null Aadhaar
2026-07-22 22:38:45 | INFO     | __main__ | PASS : Customer Exists
2026-07-22 22:38:45 | INFO     | __main__ | PASS : Verified Records Consistent
2026-07-22 22:38:45 | INFO     | __main__ | All validations passed.
2026-07-22 22:38:45 | ERROR    | __main__ | Customer Domain Pipeline Failed.
Traceback (most recent call last):
  File "C:\Documents\Banking_Data_Platform\python\generators\customer_generator.py", line 1179, in run
    print(OUTPUT_DIR)
          ^^^^^^^^^^
NameError: name 'OUTPUT_DIR' is not defined
2026-07-22 22:41:00 | INFO     | __main__ | ======================================================================
2026-07-22 22:41:00 | INFO     | __main__ | Customer Generator Initialized
2026-07-22 22:41:00 | INFO     | __main__ | ======================================================================
2026-07-22 22:41:00 | INFO     | __main__ | ================================================================================
2026-07-22 22:41:00 | INFO     | __main__ | CUSTOMER DOMAIN PIPELINE STARTED
2026-07-22 22:41:00 | INFO     | __main__ | ================================================================================
2026-07-22 22:41:00 | INFO     | __main__ | Generating 5000 customers...
2026-07-22 22:41:00 | INFO     | __main__ | Successfully generated 5000 customers.
2026-07-22 22:41:00 | INFO     | __main__ | Generating customer addresses...
2026-07-22 22:41:01 | INFO     | __main__ | Successfully generated 6260 addresses.
2026-07-22 22:41:01 | INFO     | __main__ | Generating KYC records...
2026-07-22 22:41:01 | INFO     | __main__ | Successfully generated 5000 KYC records.
2026-07-22 22:41:01 | INFO     | __main__ | ======================================================================
2026-07-22 22:41:01 | INFO     | __main__ | Running Customer Domain Validations
2026-07-22 22:41:01 | INFO     | __main__ | ======================================================================
2026-07-22 22:41:01 | INFO     | __main__ | ------------------------------------------------------------
2026-07-22 22:41:01 | INFO     | __main__ | Customer Validation Results
2026-07-22 22:41:01 | INFO     | __main__ | ------------------------------------------------------------
2026-07-22 22:41:01 | INFO     | __main__ | PASS : Unique Customer IDs
2026-07-22 22:41:01 | INFO     | __main__ | PASS : No Null Customer IDs
2026-07-22 22:41:01 | INFO     | __main__ | PASS : No Null Emails
2026-07-22 22:41:01 | INFO     | __main__ | PASS : No Null Phones
2026-07-22 22:41:01 | INFO     | __main__ | PASS : Income Positive
2026-07-22 22:41:01 | INFO     | __main__ | ------------------------------------------------------------
2026-07-22 22:41:01 | INFO     | __main__ | Address Validation Results
2026-07-22 22:41:01 | INFO     | __main__ | ------------------------------------------------------------
2026-07-22 22:41:01 | INFO     | __main__ | PASS : Unique Address IDs
2026-07-22 22:41:01 | INFO     | __main__ | PASS : No Null Address IDs
2026-07-22 22:41:01 | INFO     | __main__ | PASS : No Null Customer IDs
2026-07-22 22:41:01 | INFO     | __main__ | PASS : One Current Address Maximum
2026-07-22 22:41:01 | INFO     | __main__ | PASS : Customer Exists
2026-07-22 22:41:01 | INFO     | __main__ | ------------------------------------------------------------
2026-07-22 22:41:01 | INFO     | __main__ | KYC Validation Results
2026-07-22 22:41:01 | INFO     | __main__ | ------------------------------------------------------------
2026-07-22 22:41:01 | INFO     | __main__ | PASS : Unique Customer IDs
2026-07-22 22:41:01 | INFO     | __main__ | PASS : No Null PAN
2026-07-22 22:41:01 | INFO     | __main__ | PASS : No Null Aadhaar
2026-07-22 22:41:01 | INFO     | __main__ | PASS : Customer Exists
2026-07-22 22:41:01 | INFO     | __main__ | PASS : Verified Records Consistent
2026-07-22 22:41:01 | INFO     | __main__ | All validations passed.
2026-07-22 22:41:01 | INFO     | __main__ | ======================================================================
2026-07-22 22:41:01 | INFO     | __main__ | Exporting Customer Domain Tables
2026-07-22 22:41:01 | INFO     | __main__ | ======================================================================
2026-07-22 22:41:01 | INFO     | __main__ | Customers exported to C:\Documents\Banking_Data_Platform\python\output\customers.csv
2026-07-22 22:41:01 | INFO     | __main__ | CustomerAddresses exported to C:\Documents\Banking_Data_Platform\python\output\customer_addresses.csv
2026-07-22 22:41:01 | INFO     | __main__ | KYC exported to C:\Documents\Banking_Data_Platform\python\output\kyc.csv
2026-07-22 22:41:01 | INFO     | __main__ | Export completed.
2026-07-22 22:41:02 | INFO     | __main__ | ======================================================================
2026-07-22 22:41:02 | INFO     | __main__ | Customer Domain Summary
2026-07-22 22:41:02 | INFO     | __main__ | ======================================================================
2026-07-22 22:41:02 | INFO     | __main__ | total_customers                          : 5000
2026-07-22 22:41:02 | INFO     | __main__ | active_customers                         : 4261
2026-07-22 22:41:02 | INFO     | __main__ | blocked_customers                        : 256
2026-07-22 22:41:02 | INFO     | __main__ | closed_customers                         : 137
2026-07-22 22:41:02 | INFO     | __main__ | average_income                           : 911780.0
2026-07-22 22:41:02 | INFO     | __main__ | maximum_income                           : 5000000.0
2026-07-22 22:41:02 | INFO     | __main__ | minimum_income                           : 300000.0
2026-07-22 22:41:02 | INFO     | __main__ | total_addresses                          : 6260
2026-07-22 22:41:02 | INFO     | __main__ | current_addresses                        : 5000
2026-07-22 22:41:02 | INFO     | __main__ | historical_addresses                     : 1260
2026-07-22 22:41:02 | INFO     | __main__ | customers_with_multiple_addresses        : 1260
2026-07-22 22:41:02 | INFO     | __main__ | total_kyc_records                        : 5000
2026-07-22 22:41:02 | INFO     | __main__ | verified                                 : 285
2026-07-22 22:41:02 | INFO     | __main__ | pending                                  : 4613
2026-07-22 22:41:02 | INFO     | __main__ | rejected                                 : 102
2026-07-22 22:41:02 | INFO     | __main__ | pan_verified                             : 2628
2026-07-22 22:41:02 | INFO     | __main__ | aadhaar_verified                         : 2590
2026-07-22 22:41:02 | INFO     | __main__ | address_verified                         : 2582
2026-07-22 22:41:02 | INFO     | __main__ | ======================================================================
2026-07-22 22:41:02 | INFO     | __main__ | ================================================================================
2026-07-22 22:41:02 | INFO     | __main__ | CUSTOMER DOMAIN COMPLETED
2026-07-22 22:41:02 | INFO     | __main__ | Execution Time : 1.72 seconds
2026-07-22 22:41:02 | INFO     | __main__ | ================================================================================
2026-07-23 00:02:23 | INFO     | __main__ | ======================================================================
2026-07-23 00:02:23 | INFO     | __main__ | Customer Generator Initialized
2026-07-23 00:02:23 | INFO     | __main__ | ======================================================================
2026-07-23 00:02:23 | INFO     | __main__ | ================================================================================
2026-07-23 00:02:23 | INFO     | __main__ | CUSTOMER DOMAIN PIPELINE STARTED
2026-07-23 00:02:23 | INFO     | __main__ | ================================================================================
2026-07-23 00:02:23 | INFO     | __main__ | Generating 5000 customers...
2026-07-23 00:02:23 | INFO     | __main__ | Successfully generated 5000 customers.
2026-07-23 00:02:23 | INFO     | __main__ | Generating customer addresses...
2026-07-23 00:02:26 | INFO     | __main__ | Successfully generated 6260 addresses.
2026-07-23 00:02:26 | INFO     | __main__ | Generating KYC records...
2026-07-23 00:02:26 | INFO     | __main__ | Successfully generated 5000 KYC records.
2026-07-23 00:02:26 | INFO     | __main__ | ======================================================================
2026-07-23 00:02:26 | INFO     | __main__ | Running Customer Domain Validations
2026-07-23 00:02:26 | INFO     | __main__ | ======================================================================
2026-07-23 00:02:26 | INFO     | __main__ | ------------------------------------------------------------
2026-07-23 00:02:26 | INFO     | __main__ | Customer Validation Results
2026-07-23 00:02:26 | INFO     | __main__ | ------------------------------------------------------------
2026-07-23 00:02:26 | INFO     | __main__ | PASS : Unique Customer IDs
2026-07-23 00:02:26 | INFO     | __main__ | PASS : No Null Customer IDs
2026-07-23 00:02:26 | INFO     | __main__ | PASS : No Null Emails
2026-07-23 00:02:26 | INFO     | __main__ | PASS : No Null Phones
2026-07-23 00:02:26 | INFO     | __main__ | PASS : Income Positive
2026-07-23 00:02:26 | INFO     | __main__ | ------------------------------------------------------------
2026-07-23 00:02:26 | INFO     | __main__ | Address Validation Results
2026-07-23 00:02:26 | INFO     | __main__ | ------------------------------------------------------------
2026-07-23 00:02:26 | INFO     | __main__ | PASS : Unique Address IDs
2026-07-23 00:02:26 | INFO     | __main__ | PASS : No Null Address IDs
2026-07-23 00:02:26 | INFO     | __main__ | PASS : No Null Customer IDs
2026-07-23 00:02:26 | INFO     | __main__ | PASS : One Current Address Maximum
2026-07-23 00:02:26 | INFO     | __main__ | PASS : Customer Exists
2026-07-23 00:02:26 | INFO     | __main__ | ------------------------------------------------------------
2026-07-23 00:02:26 | INFO     | __main__ | KYC Validation Results
2026-07-23 00:02:26 | INFO     | __main__ | ------------------------------------------------------------
2026-07-23 00:02:26 | INFO     | __main__ | PASS : Unique Customer IDs
2026-07-23 00:02:26 | INFO     | __main__ | PASS : No Null PAN
2026-07-23 00:02:26 | INFO     | __main__ | PASS : No Null Aadhaar
2026-07-23 00:02:26 | INFO     | __main__ | PASS : Customer Exists
2026-07-23 00:02:26 | INFO     | __main__ | PASS : Verified Records Consistent
2026-07-23 00:02:26 | INFO     | __main__ | All validations passed.
2026-07-23 00:02:26 | INFO     | __main__ | ======================================================================
2026-07-23 00:02:26 | INFO     | __main__ | Exporting Customer Domain Tables
2026-07-23 00:02:26 | INFO     | __main__ | ======================================================================
2026-07-23 00:02:26 | INFO     | __main__ | Customers exported to C:\Documents\Banking_Data_Platform\python\output\customers.csv
2026-07-23 00:02:26 | INFO     | __main__ | CustomerAddresses exported to C:\Documents\Banking_Data_Platform\python\output\customer_addresses.csv
2026-07-23 00:02:26 | INFO     | __main__ | KYC exported to C:\Documents\Banking_Data_Platform\python\output\kyc.csv
2026-07-23 00:02:26 | INFO     | __main__ | Export completed.
2026-07-23 00:02:27 | INFO     | __main__ | ======================================================================
2026-07-23 00:02:27 | INFO     | __main__ | Customer Domain Summary
2026-07-23 00:02:27 | INFO     | __main__ | ======================================================================
2026-07-23 00:02:27 | INFO     | __main__ | total_customers                          : 5000
2026-07-23 00:02:27 | INFO     | __main__ | active_customers                         : 4261
2026-07-23 00:02:27 | INFO     | __main__ | blocked_customers                        : 256
2026-07-23 00:02:27 | INFO     | __main__ | closed_customers                         : 137
2026-07-23 00:02:27 | INFO     | __main__ | average_income                           : 911780.0
2026-07-23 00:02:27 | INFO     | __main__ | maximum_income                           : 5000000.0
2026-07-23 00:02:27 | INFO     | __main__ | minimum_income                           : 300000.0
2026-07-23 00:02:27 | INFO     | __main__ | total_addresses                          : 6260
2026-07-23 00:02:27 | INFO     | __main__ | current_addresses                        : 5000
2026-07-23 00:02:27 | INFO     | __main__ | historical_addresses                     : 1260
2026-07-23 00:02:27 | INFO     | __main__ | customers_with_multiple_addresses        : 1260
2026-07-23 00:02:27 | INFO     | __main__ | total_kyc_records                        : 5000
2026-07-23 00:02:27 | INFO     | __main__ | verified                                 : 285
2026-07-23 00:02:27 | INFO     | __main__ | pending                                  : 4613
2026-07-23 00:02:27 | INFO     | __main__ | rejected                                 : 102
2026-07-23 00:02:27 | INFO     | __main__ | pan_verified                             : 2628
2026-07-23 00:02:27 | INFO     | __main__ | aadhaar_verified                         : 2590
2026-07-23 00:02:27 | INFO     | __main__ | address_verified                         : 2582
2026-07-23 00:02:27 | INFO     | __main__ | ======================================================================
2026-07-23 00:02:27 | INFO     | __main__ | ================================================================================
2026-07-23 00:02:27 | INFO     | __main__ | CUSTOMER DOMAIN COMPLETED
2026-07-23 00:02:27 | INFO     | __main__ | Execution Time : 4.32 seconds
2026-07-23 00:02:27 | INFO     | __main__ | ================================================================================
2026-07-23 00:07:08 | INFO     | __main__ | ======================================================================
2026-07-23 00:07:08 | INFO     | __main__ | Customer Generator Initialized
2026-07-23 00:07:08 | INFO     | __main__ | ======================================================================
2026-07-23 00:07:08 | INFO     | __main__ | ================================================================================
2026-07-23 00:07:08 | INFO     | __main__ | CUSTOMER DOMAIN PIPELINE STARTED
2026-07-23 00:07:08 | INFO     | __main__ | ================================================================================
2026-07-23 00:07:08 | INFO     | __main__ | Generating 5000 customers...
2026-07-23 00:07:08 | INFO     | __main__ | Successfully generated 5000 customers.
2026-07-23 00:07:08 | INFO     | __main__ | Generating customer addresses...
2026-07-23 00:07:11 | INFO     | __main__ | Successfully generated 6260 addresses.
2026-07-23 00:07:11 | INFO     | __main__ | Generating KYC records...
2026-07-23 00:07:11 | INFO     | __main__ | Successfully generated 5000 KYC records.
2026-07-23 00:07:11 | INFO     | __main__ | ======================================================================
2026-07-23 00:07:11 | INFO     | __main__ | Running Customer Domain Validations
2026-07-23 00:07:11 | INFO     | __main__ | ======================================================================
2026-07-23 00:07:11 | INFO     | __main__ | ------------------------------------------------------------
2026-07-23 00:07:11 | INFO     | __main__ | Customer Validation Results
2026-07-23 00:07:11 | INFO     | __main__ | ------------------------------------------------------------
2026-07-23 00:07:11 | INFO     | __main__ | PASS : Unique Customer IDs
2026-07-23 00:07:11 | INFO     | __main__ | PASS : No Null Customer IDs
2026-07-23 00:07:11 | INFO     | __main__ | PASS : No Null Emails
2026-07-23 00:07:11 | INFO     | __main__ | PASS : No Null Phones
2026-07-23 00:07:11 | INFO     | __main__ | PASS : Income Positive
2026-07-23 00:07:11 | INFO     | __main__ | ------------------------------------------------------------
2026-07-23 00:07:11 | INFO     | __main__ | Address Validation Results
2026-07-23 00:07:11 | INFO     | __main__ | ------------------------------------------------------------
2026-07-23 00:07:11 | INFO     | __main__ | PASS : Unique Address IDs
2026-07-23 00:07:11 | INFO     | __main__ | PASS : No Null Address IDs
2026-07-23 00:07:11 | INFO     | __main__ | PASS : No Null Customer IDs
2026-07-23 00:07:11 | INFO     | __main__ | PASS : One Current Address Maximum
2026-07-23 00:07:11 | INFO     | __main__ | PASS : Customer Exists
2026-07-23 00:07:11 | INFO     | __main__ | ------------------------------------------------------------
2026-07-23 00:07:11 | INFO     | __main__ | KYC Validation Results
2026-07-23 00:07:11 | INFO     | __main__ | ------------------------------------------------------------
2026-07-23 00:07:11 | INFO     | __main__ | PASS : Unique Customer IDs
2026-07-23 00:07:11 | INFO     | __main__ | PASS : No Null PAN
2026-07-23 00:07:11 | INFO     | __main__ | PASS : No Null Aadhaar
2026-07-23 00:07:11 | INFO     | __main__ | PASS : Customer Exists
2026-07-23 00:07:11 | INFO     | __main__ | PASS : Verified Records Consistent
2026-07-23 00:07:11 | INFO     | __main__ | All validations passed.
2026-07-23 00:07:11 | INFO     | __main__ | ======================================================================
2026-07-23 00:07:11 | INFO     | __main__ | Exporting Customer Domain Tables
2026-07-23 00:07:11 | INFO     | __main__ | ======================================================================
2026-07-23 00:07:11 | INFO     | __main__ | Customers exported to C:\Documents\Banking_Data_Platform\python\output\customers.csv
2026-07-23 00:07:11 | ERROR    | __main__ | Customer Domain Pipeline Failed.
Traceback (most recent call last):
  File "C:\Documents\Banking_Data_Platform\python\generators\customer_generator.py", line 1189, in run
    self.export_all()
  File "C:\Documents\Banking_Data_Platform\python\generators\customer_generator.py", line 945, in export_all
    self.export_addresses()
  File "C:\Documents\Banking_Data_Platform\python\generators\customer_generator.py", line 897, in export_addresses
    df.to_csv(
  File "C:\Users\hp\AppData\Local\Programs\Python\Python312\Lib\site-packages\pandas\util\_decorators.py", line 333, in wrapper
    return func(*args, **kwargs)
           ^^^^^^^^^^^^^^^^^^^^^
  File "C:\Users\hp\AppData\Local\Programs\Python\Python312\Lib\site-packages\pandas\core\generic.py", line 3967, in to_csv
    return DataFrameRenderer(formatter).to_csv(
           ^^^^^^^^^^^^^^^^^^^^^^^^^^^^^^^^^^^^
  File "C:\Users\hp\AppData\Local\Programs\Python\Python312\Lib\site-packages\pandas\io\formats\format.py", line 1014, in to_csv
    csv_formatter.save()
  File "C:\Users\hp\AppData\Local\Programs\Python\Python312\Lib\site-packages\pandas\io\formats\csvs.py", line 251, in save
    with get_handle(
         ^^^^^^^^^^^
  File "C:\Users\hp\AppData\Local\Programs\Python\Python312\Lib\site-packages\pandas\io\common.py", line 873, in get_handle
    handle = open(
             ^^^^^
PermissionError: [Errno 13] Permission denied: 'C:\\Documents\\Banking_Data_Platform\\python\\output\\customer_addresses.csv'
2026-07-23 00:08:21 | INFO     | __main__ | ======================================================================
2026-07-23 00:08:21 | INFO     | __main__ | Customer Generator Initialized
2026-07-23 00:08:21 | INFO     | __main__ | ======================================================================
2026-07-23 00:08:21 | INFO     | __main__ | ================================================================================
2026-07-23 00:08:21 | INFO     | __main__ | CUSTOMER DOMAIN PIPELINE STARTED
2026-07-23 00:08:21 | INFO     | __main__ | ================================================================================
2026-07-23 00:08:21 | INFO     | __main__ | Generating 5000 customers...
2026-07-23 00:08:21 | INFO     | __main__ | Successfully generated 5000 customers.
2026-07-23 00:08:21 | INFO     | __main__ | Generating customer addresses...
2026-07-23 00:08:25 | INFO     | __main__ | Successfully generated 6260 addresses.
2026-07-23 00:08:25 | INFO     | __main__ | Generating KYC records...
2026-07-23 00:08:25 | INFO     | __main__ | Successfully generated 5000 KYC records.
2026-07-23 00:08:25 | INFO     | __main__ | ======================================================================
2026-07-23 00:08:25 | INFO     | __main__ | Running Customer Domain Validations
2026-07-23 00:08:25 | INFO     | __main__ | ======================================================================
2026-07-23 00:08:25 | INFO     | __main__ | ------------------------------------------------------------
2026-07-23 00:08:25 | INFO     | __main__ | Customer Validation Results
2026-07-23 00:08:25 | INFO     | __main__ | ------------------------------------------------------------
2026-07-23 00:08:25 | INFO     | __main__ | PASS : Unique Customer IDs
2026-07-23 00:08:25 | INFO     | __main__ | PASS : No Null Customer IDs
2026-07-23 00:08:25 | INFO     | __main__ | PASS : No Null Emails
2026-07-23 00:08:25 | INFO     | __main__ | PASS : No Null Phones
2026-07-23 00:08:25 | INFO     | __main__ | PASS : Income Positive
2026-07-23 00:08:25 | INFO     | __main__ | ------------------------------------------------------------
2026-07-23 00:08:25 | INFO     | __main__ | Address Validation Results
2026-07-23 00:08:25 | INFO     | __main__ | ------------------------------------------------------------
2026-07-23 00:08:25 | INFO     | __main__ | PASS : Unique Address IDs
2026-07-23 00:08:25 | INFO     | __main__ | PASS : No Null Address IDs
2026-07-23 00:08:25 | INFO     | __main__ | PASS : No Null Customer IDs
2026-07-23 00:08:25 | INFO     | __main__ | PASS : One Current Address Maximum
2026-07-23 00:08:25 | INFO     | __main__ | PASS : Customer Exists
2026-07-23 00:08:25 | INFO     | __main__ | ------------------------------------------------------------
2026-07-23 00:08:25 | INFO     | __main__ | KYC Validation Results
2026-07-23 00:08:25 | INFO     | __main__ | ------------------------------------------------------------
2026-07-23 00:08:25 | INFO     | __main__ | PASS : Unique Customer IDs
2026-07-23 00:08:25 | INFO     | __main__ | PASS : No Null PAN
2026-07-23 00:08:25 | INFO     | __main__ | PASS : No Null Aadhaar
2026-07-23 00:08:25 | INFO     | __main__ | PASS : Customer Exists
2026-07-23 00:08:25 | INFO     | __main__ | PASS : Verified Records Consistent
2026-07-23 00:08:25 | INFO     | __main__ | All validations passed.
2026-07-23 00:08:25 | INFO     | __main__ | ======================================================================
2026-07-23 00:08:25 | INFO     | __main__ | Exporting Customer Domain Tables
2026-07-23 00:08:25 | INFO     | __main__ | ======================================================================
2026-07-23 00:08:25 | INFO     | __main__ | Customers exported to C:\Documents\Banking_Data_Platform\python\output\customers.csv
2026-07-23 00:08:25 | INFO     | __main__ | CustomerAddresses exported to C:\Documents\Banking_Data_Platform\python\output\customer_addresses.csv
2026-07-23 00:08:25 | INFO     | __main__ | KYC exported to C:\Documents\Banking_Data_Platform\python\output\kyc.csv
2026-07-23 00:08:25 | INFO     | __main__ | Export completed.
2026-07-23 00:08:25 | INFO     | __main__ | ======================================================================
2026-07-23 00:08:25 | INFO     | __main__ | Customer Domain Summary
2026-07-23 00:08:25 | INFO     | __main__ | ======================================================================
2026-07-23 00:08:25 | INFO     | __main__ | total_customers                          : 5000
2026-07-23 00:08:25 | INFO     | __main__ | active_customers                         : 4261
2026-07-23 00:08:25 | INFO     | __main__ | blocked_customers                        : 256
2026-07-23 00:08:25 | INFO     | __main__ | closed_customers                         : 137
2026-07-23 00:08:25 | INFO     | __main__ | average_income                           : 911780.0
2026-07-23 00:08:25 | INFO     | __main__ | maximum_income                           : 5000000.0
2026-07-23 00:08:25 | INFO     | __main__ | minimum_income                           : 300000.0
2026-07-23 00:08:25 | INFO     | __main__ | total_addresses                          : 6260
2026-07-23 00:08:25 | INFO     | __main__ | current_addresses                        : 5000
2026-07-23 00:08:25 | INFO     | __main__ | historical_addresses                     : 1260
2026-07-23 00:08:25 | INFO     | __main__ | customers_with_multiple_addresses        : 1260
2026-07-23 00:08:25 | INFO     | __main__ | total_kyc_records                        : 5000
2026-07-23 00:08:25 | INFO     | __main__ | verified                                 : 285
2026-07-23 00:08:25 | INFO     | __main__ | pending                                  : 4613
2026-07-23 00:08:25 | INFO     | __main__ | rejected                                 : 102
2026-07-23 00:08:25 | INFO     | __main__ | pan_verified                             : 2628
2026-07-23 00:08:25 | INFO     | __main__ | aadhaar_verified                         : 2590
2026-07-23 00:08:25 | INFO     | __main__ | address_verified                         : 2582
2026-07-23 00:08:25 | INFO     | __main__ | ======================================================================
2026-07-23 00:08:26 | INFO     | __main__ | ================================================================================
2026-07-23 00:08:26 | INFO     | __main__ | CUSTOMER DOMAIN COMPLETED
2026-07-23 00:08:26 | INFO     | __main__ | Execution Time : 4.30 seconds
2026-07-23 00:08:26 | INFO     | __main__ | ================================================================================
2026-07-23 01:41:41 | INFO     | __main__ | Organization Generator initialized successfully.
2026-07-23 01:41:41 | INFO     | __main__ | ================================================================================
2026-07-23 01:41:41 | INFO     | __main__ | Starting Organization Generator...
2026-07-23 01:41:41 | INFO     | __main__ | Generating Branches...
2026-07-23 01:41:41 | ERROR    | __main__ | 'OrganizationGenerator' object has no attribute 'batch_id'
Traceback (most recent call last):
  File "C:\Documents\Banking_Data_Platform\python\generators\org_generator.py", line 802, in run
    self.generate_branches()
  File "C:\Documents\Banking_Data_Platform\python\generators\org_generator.py", line 229, in generate_branches
    batch_id=self.batch_id,
             ^^^^^^^^^^^^^
AttributeError: 'OrganizationGenerator' object has no attribute 'batch_id'
2026-07-23 01:42:16 | INFO     | __main__ | Organization Generator initialized successfully.
2026-07-23 01:42:16 | INFO     | __main__ | ================================================================================
2026-07-23 01:42:16 | INFO     | __main__ | Starting Organization Generator...
2026-07-23 01:42:16 | INFO     | __main__ | Generating Branches...
2026-07-23 01:42:16 | ERROR    | __main__ | Branch.__init__() missing 1 required positional argument: 'batch_id'
Traceback (most recent call last):
  File "C:\Documents\Banking_Data_Platform\python\generators\org_generator.py", line 798, in run
    self.generate_branches()
  File "C:\Documents\Banking_Data_Platform\python\generators\org_generator.py", line 202, in generate_branches
    branch = Branch(
             ^^^^^^^
TypeError: Branch.__init__() missing 1 required positional argument: 'batch_id'
2026-07-23 01:43:52 | INFO     | __main__ | Organization Generator initialized successfully.
2026-07-23 01:43:52 | INFO     | __main__ | ================================================================================
2026-07-23 01:43:52 | INFO     | __main__ | Starting Organization Generator...
2026-07-23 01:43:52 | INFO     | __main__ | Generating Branches...
2026-07-23 01:43:52 | ERROR    | __main__ | Branch.__init__() missing 2 required positional arguments: 'branch_id' and 'batch_id'
Traceback (most recent call last):
  File "C:\Documents\Banking_Data_Platform\python\generators\org_generator.py", line 796, in run
    self.generate_branches()
  File "C:\Documents\Banking_Data_Platform\python\generators\org_generator.py", line 202, in generate_branches
    branch = Branch(
             ^^^^^^^
TypeError: Branch.__init__() missing 2 required positional arguments: 'branch_id' and 'batch_id'
2026-07-23 01:45:12 | INFO     | __main__ | Organization Generator initialized successfully.
2026-07-23 01:45:12 | INFO     | __main__ | ================================================================================
2026-07-23 01:45:12 | INFO     | __main__ | Starting Organization Generator...
2026-07-23 01:45:12 | INFO     | __main__ | Generating Branches...
2026-07-23 01:45:12 | INFO     | __main__ | 50 branches generated successfully.
2026-07-23 01:45:12 | INFO     | __main__ | Generating Employees...
2026-07-23 01:45:12 | ERROR    | __main__ | The number of weights does not match the population
Traceback (most recent call last):
  File "C:\Documents\Banking_Data_Platform\python\generators\org_generator.py", line 800, in run
    self.generate_employees()
  File "C:\Documents\Banking_Data_Platform\python\generators\org_generator.py", line 501, in generate_employees
    employee_status=self._generate_employee_status(),
                    ^^^^^^^^^^^^^^^^^^^^^^^^^^^^^^^^
  File "C:\Documents\Banking_Data_Platform\python\generators\org_generator.py", line 384, in _generate_employee_status
    return random.choices(
           ^^^^^^^^^^^^^^^
  File "C:\Users\hp\AppData\Local\Programs\Python\Python312\Lib\random.py", line 480, in choices
    raise ValueError('The number of weights does not match the population')
ValueError: The number of weights does not match the population
2026-07-23 01:47:57 | INFO     | __main__ | Organization Generator initialized successfully.
2026-07-23 01:47:57 | INFO     | __main__ | ================================================================================
2026-07-23 01:47:57 | INFO     | __main__ | Starting Organization Generator...
2026-07-23 01:47:57 | INFO     | __main__ | Generating Branches...
2026-07-23 01:47:57 | INFO     | __main__ | 50 branches generated successfully.
2026-07-23 01:47:57 | INFO     | __main__ | Generating Employees...
2026-07-23 01:47:57 | INFO     | __main__ | 350 employees generated successfully.
2026-07-23 01:47:57 | INFO     | __main__ | Assigning Branch Managers...
2026-07-23 01:47:57 | INFO     | __main__ | Branch Managers assigned successfully.
2026-07-23 01:47:57 | INFO     | __main__ | ============================================================
2026-07-23 01:47:57 | INFO     | __main__ | Organization Generation Summary
2026-07-23 01:47:57 | INFO     | __main__ | Branches Generated  : 50
2026-07-23 01:47:57 | INFO     | __main__ | Employees Generated : 350
2026-07-23 01:47:57 | INFO     | __main__ | ============================================================
2026-07-23 01:47:57 | INFO     | __main__ | Running Validation...
2026-07-23 01:47:57 | INFO     | __main__ | Validating Branches...
2026-07-23 01:47:57 | INFO     | __main__ | Branch validation completed successfully.
2026-07-23 01:47:57 | INFO     | __main__ | Validating Employees...
2026-07-23 01:47:57 | ERROR    | __main__ | 'OrganizationGenerator' object has no attribute 'employees_df'
Traceback (most recent call last):
  File "C:\Documents\Banking_Data_Platform\python\generators\org_generator.py", line 806, in run
    if not self.validate_all():
           ^^^^^^^^^^^^^^^^^^^
  File "C:\Documents\Banking_Data_Platform\python\generators\org_generator.py", line 723, in validate_all
    self.validate_employees(),
    ^^^^^^^^^^^^^^^^^^^^^^^^^
  File "C:\Documents\Banking_Data_Platform\python\generators\org_generator.py", line 530, in validate_employees
    df = self.employees_df()
         ^^^^^^^^^^^^^^^^^
AttributeError: 'OrganizationGenerator' object has no attribute 'employees_df'. Did you mean: 'employees'?
2026-07-23 01:49:23 | INFO     | __main__ | Organization Generator initialized successfully.
2026-07-23 01:49:23 | INFO     | __main__ | ================================================================================
2026-07-23 01:49:23 | INFO     | __main__ | Starting Organization Generator...
2026-07-23 01:49:23 | INFO     | __main__ | Generating Branches...
2026-07-23 01:49:24 | INFO     | __main__ | 50 branches generated successfully.
2026-07-23 01:49:24 | INFO     | __main__ | Generating Employees...
2026-07-23 01:49:24 | INFO     | __main__ | 350 employees generated successfully.
2026-07-23 01:49:24 | INFO     | __main__ | Assigning Branch Managers...
2026-07-23 01:49:24 | INFO     | __main__ | Branch Managers assigned successfully.
2026-07-23 01:49:24 | INFO     | __main__ | ============================================================
2026-07-23 01:49:24 | INFO     | __main__ | Organization Generation Summary
2026-07-23 01:49:24 | INFO     | __main__ | Branches Generated  : 50
2026-07-23 01:49:24 | INFO     | __main__ | Employees Generated : 350
2026-07-23 01:49:24 | INFO     | __main__ | ============================================================
2026-07-23 01:49:24 | INFO     | __main__ | Running Validation...
2026-07-23 01:49:24 | INFO     | __main__ | Validating Branches...
2026-07-23 01:49:24 | INFO     | __main__ | Branch validation completed successfully.
2026-07-23 01:49:24 | INFO     | __main__ | Validating Employees...
2026-07-23 01:49:24 | INFO     | __main__ | Employee validation completed successfully.
2026-07-23 01:49:24 | INFO     | __main__ | Validation Successful.
2026-07-23 01:49:24 | INFO     | __main__ | Exporting datasets...
2026-07-23 01:49:24 | INFO     | __main__ | Exporting Branches...
2026-07-23 01:49:24 | INFO     | __main__ | Branches exported successfully to C:\Documents\Banking_Data_Platform\python\output\branches.csv
2026-07-23 01:49:24 | INFO     | __main__ | Exporting Employees...
2026-07-23 01:49:24 | INFO     | __main__ | Employees exported successfully to C:\Documents\Banking_Data_Platform\python\output\employees.csv
2026-07-23 01:49:24 | INFO     | __main__ | Export completed successfully.
2026-07-23 01:49:24 | INFO     | __main__ | Organization Generator completed successfully.
2026-07-23 01:49:24 | INFO     | __main__ | ================================================================================
2026-07-24 16:40:00 | INFO     | __main__ | Merchant Generator initialized successfully.
2026-07-24 16:40:00 | INFO     | __main__ | ======================================================================
2026-07-24 16:40:00 | INFO     | __main__ | Merchant Generation Started
2026-07-24 16:40:00 | INFO     | __main__ | ======================================================================
2026-07-24 16:40:00 | INFO     | __main__ | Generating Merchants...
2026-07-24 16:40:00 | ERROR    | __main__ | 'Geography' object has no attribute 'get_random_location'
Traceback (most recent call last):
  File "C:\Documents\Banking_Data_Platform\python\generators\merchant_generator.py", line 801, in run
    self.generate_merchants()
  File "C:\Documents\Banking_Data_Platform\python\generators\merchant_generator.py", line 502, in generate_merchants
    self._generate_location()
  File "C:\Documents\Banking_Data_Platform\python\generators\merchant_generator.py", line 316, in _generate_location
    location = self.locations.get_random_location()
               ^^^^^^^^^^^^^^^^^^^^^^^^^^^^^^^^^^
AttributeError: 'Geography' object has no attribute 'get_random_location'. Did you mean: 'random_location'?
2026-07-24 16:42:50 | INFO     | __main__ | Merchant Generator initialized successfully.
2026-07-24 16:42:50 | INFO     | __main__ | ======================================================================
2026-07-24 16:42:50 | INFO     | __main__ | Merchant Generation Started
2026-07-24 16:42:50 | INFO     | __main__ | ======================================================================
2026-07-24 16:42:50 | INFO     | __main__ | Generating Merchants...
2026-07-24 16:42:50 | ERROR    | __main__ | 'MerchantGenerator' object has no attribute 'batch_id'
Traceback (most recent call last):
  File "C:\Documents\Banking_Data_Platform\python\generators\merchant_generator.py", line 798, in run
    self.generate_merchants()
  File "C:\Documents\Banking_Data_Platform\python\generators\merchant_generator.py", line 542, in generate_merchants
    batch_id=self.batch_id,
             ^^^^^^^^^^^^^
AttributeError: 'MerchantGenerator' object has no attribute 'batch_id'
2026-07-24 16:43:21 | INFO     | __main__ | Merchant Generator initialized successfully.
2026-07-24 16:43:21 | INFO     | __main__ | ======================================================================
2026-07-24 16:43:21 | INFO     | __main__ | Merchant Generation Started
2026-07-24 16:43:21 | INFO     | __main__ | ======================================================================
2026-07-24 16:43:21 | INFO     | __main__ | Generating Merchants...
2026-07-24 16:43:21 | INFO     | __main__ | 1000 merchants generated successfully.
2026-07-24 16:43:21 | INFO     | __main__ | Validating Merchants...
2026-07-24 16:43:21 | INFO     | __main__ | Merchant validation completed successfully.
2026-07-24 16:43:21 | INFO     | __main__ | Exporting Merchants...
2026-07-24 16:43:21 | INFO     | __main__ | Merchant dataset exported to C:\Documents\Banking_Data_Platform\python\output\merchants.csv
2026-07-24 16:43:21 | INFO     | __main__ | ======================================================================
2026-07-24 16:43:21 | INFO     | __main__ | Merchant Generation Summary
2026-07-24 16:43:21 | INFO     | __main__ | Merchants Generated : 1000
2026-07-24 16:43:21 | INFO     | __main__ | ======================================================================
2026-07-24 16:43:21 | INFO     | __main__ | ======================================================================
2026-07-24 16:43:21 | INFO     | __main__ | Merchant Generation Completed Successfully
2026-07-24 16:43:21 | INFO     | __main__ | ======================================================================
2026-07-25 00:22:06 | INFO     | __main__ | Loading Customer dataset...
2026-07-25 00:22:06 | INFO     | __main__ | Loaded 5000 customers.
2026-07-25 00:22:06 | INFO     | __main__ | Loading Branch dataset...
2026-07-25 00:22:06 | INFO     | __main__ | Loaded 50 branches.
2026-07-25 00:22:06 | INFO     | __main__ | Loading Merchants dataset...
2026-07-25 00:22:06 | INFO     | __main__ | Loaded 1000 merchants.
2026-07-25 00:22:06 | INFO     | __main__ | Banking Generator initialized successfully.
2026-07-25 00:22:06 | INFO     | __main__ | ================================================================================
2026-07-25 00:22:06 | INFO     | __main__ | Starting Banking Generator...
2026-07-25 00:22:06 | INFO     | __main__ | Generating Accounts...
2026-07-25 00:22:27 | INFO     | __main__ | 7000 Accounts generated successfully.
2026-07-25 00:22:27 | INFO     | __main__ | Generating Cards...
2026-07-25 00:22:31 | INFO     | __main__ | 7321 Cards generated successfully.
2026-07-25 00:22:31 | INFO     | __main__ | Generating Transactions...
2026-07-25 01:37:27 | INFO     | __main__ | Reference Generator initialized successfully.
2026-07-25 01:37:27 | INFO     | __main__ | ================================================================================
2026-07-25 01:37:27 | INFO     | __main__ | Starting Reference Generator...
2026-07-25 01:37:27 | INFO     | __main__ | Generating Exchange Rates...
2026-07-25 01:37:27 | INFO     | __main__ | Fetched live exchange rates for 12 currencies.
2026-07-25 01:37:27 | INFO     | __main__ | 4380 Exchange Rate records generated successfully.
2026-07-25 01:37:27 | INFO     | __main__ | Generating Holiday Calendar...
2026-07-25 01:37:28 | WARNING  | __main__ | Live holiday fetch failed for 2025 (Expecting value: line 1 column 1 (char 0)). Falling back to synthetic holidays for this year.
2026-07-25 01:37:28 | WARNING  | __main__ | Live holiday fetch failed for 2026 (Expecting value: line 1 column 1 (char 0)). Falling back to synthetic holidays for this year.
2026-07-25 01:37:28 | WARNING  | __main__ | Live holiday fetch failed for 2027 (Expecting value: line 1 column 1 (char 0)). Falling back to synthetic holidays for this year.
2026-07-25 01:37:28 | INFO     | __main__ | 24 Holiday records generated successfully.
2026-07-25 01:37:28 | INFO     | __main__ | ======================================================================
2026-07-25 01:37:28 | INFO     | __main__ | Reference Generation Summary
2026-07-25 01:37:28 | INFO     | __main__ | Exchange Rates Generated  : 4380
2026-07-25 01:37:28 | INFO     | __main__ | Holidays Generated        : 24
2026-07-25 01:37:28 | INFO     | __main__ | ======================================================================
2026-07-25 01:37:28 | INFO     | __main__ | Running Validation...
2026-07-25 01:37:28 | INFO     | __main__ | Validating Exchange Rates...
2026-07-25 01:37:28 | INFO     | __main__ | Exchange Rate validation completed successfully.
2026-07-25 01:37:28 | INFO     | __main__ | Validating Holiday Calendar...
2026-07-25 01:37:28 | INFO     | __main__ | Holiday Calendar validation completed successfully.
2026-07-25 01:37:28 | INFO     | __main__ | Validation Successful.
2026-07-25 01:37:28 | INFO     | __main__ | Exporting datasets...
2026-07-25 01:37:28 | INFO     | __main__ | Exporting Exchange Rates...
2026-07-25 01:37:28 | INFO     | __main__ | Exchange Rates exported successfully to C:\Documents\Banking_Data_Platform\python\output\exchange_rates.csv
2026-07-25 01:37:28 | INFO     | __main__ | Exporting Holiday Calendar...
2026-07-25 01:37:28 | INFO     | __main__ | Holiday Calendar exported successfully to C:\Documents\Banking_Data_Platform\python\output\holiday_calendar.csv
2026-07-25 01:37:28 | INFO     | __main__ | Export completed successfully.
2026-07-25 01:37:28 | INFO     | __main__ | Reference Generator completed successfully.
2026-07-25 01:37:28 | INFO     | __main__ | ================================================================================
2026-07-25 01:44:20 | INFO     | __main__ | Loading Customer dataset...
2026-07-25 01:44:20 | INFO     | __main__ | Loaded 5000 customers.
2026-07-25 01:44:20 | INFO     | __main__ | Loan Generator initialized successfully.
2026-07-25 01:44:20 | INFO     | __main__ | ================================================================================
2026-07-25 01:44:20 | INFO     | __main__ | Starting Loan Generator...
2026-07-25 01:44:20 | INFO     | __main__ | Generating Loans...
2026-07-25 01:44:21 | INFO     | __main__ | 2500 Loans generated successfully.
2026-07-25 01:44:21 | INFO     | __main__ | Generating Loan Applications...
2026-07-25 01:44:21 | INFO     | __main__ | 4000 Loan Applications generated successfully.
2026-07-25 01:44:21 | INFO     | __main__ | Generating Loan Repayments...
2026-07-25 01:44:21 | INFO     | __main__ | 35000 Loan Repayments generated successfully.
2026-07-25 01:44:21 | INFO     | __main__ | Generating Loan Collateral...
2026-07-25 01:44:21 | INFO     | __main__ | 1617 Loan Collateral records generated successfully.
2026-07-25 01:44:21 | INFO     | __main__ | ======================================================================
2026-07-25 01:44:21 | INFO     | __main__ | Loan Generation Summary
2026-07-25 01:44:21 | INFO     | __main__ | Loans Generated              : 2500
2026-07-25 01:44:21 | INFO     | __main__ | Loan Applications Generated  : 4000
2026-07-25 01:44:21 | INFO     | __main__ | Loan Repayments Generated    : 35000
2026-07-25 01:44:21 | INFO     | __main__ | Loan Collateral Generated    : 1617
2026-07-25 01:44:21 | INFO     | __main__ | ======================================================================
2026-07-25 01:44:21 | INFO     | __main__ | Running Validation...
2026-07-25 01:44:21 | INFO     | __main__ | Validating Loans...
2026-07-25 01:44:22 | INFO     | __main__ | Loan validation completed successfully.
2026-07-25 01:44:22 | INFO     | __main__ | Validating Loan Applications...
2026-07-25 01:44:22 | INFO     | __main__ | Loan Application validation completed successfully.
2026-07-25 01:44:22 | INFO     | __main__ | Validating Loan Repayments...
2026-07-25 01:44:22 | INFO     | __main__ | Loan Repayment validation completed successfully.
2026-07-25 01:44:22 | INFO     | __main__ | Validating Loan Collateral...
2026-07-25 01:44:22 | INFO     | __main__ | Loan Collateral validation completed successfully.
2026-07-25 01:44:22 | INFO     | __main__ | Validation Successful.
2026-07-25 01:44:22 | INFO     | __main__ | Exporting datasets...
2026-07-25 01:44:22 | INFO     | __main__ | Exporting Loans...
2026-07-25 01:44:22 | INFO     | __main__ | Loans exported successfully to C:\Documents\Banking_Data_Platform\python\output\loans.csv
2026-07-25 01:44:22 | INFO     | __main__ | Exporting Loan Applications...
2026-07-25 01:44:22 | INFO     | __main__ | Loan Applications exported successfully to C:\Documents\Banking_Data_Platform\python\output\loan_applications.csv
2026-07-25 01:44:22 | INFO     | __main__ | Exporting Loan Repayments...
2026-07-25 01:44:23 | INFO     | __main__ | Loan Repayments exported successfully to C:\Documents\Banking_Data_Platform\python\output\loan_repayments.csv
2026-07-25 01:44:23 | INFO     | __main__ | Exporting Loan Collateral...
2026-07-25 01:44:23 | INFO     | __main__ | Loan Collateral exported successfully to C:\Documents\Banking_Data_Platform\python\output\loan_collateral.csv
2026-07-25 01:44:23 | INFO     | __main__ | Export completed successfully.
2026-07-25 01:44:23 | INFO     | __main__ | Loan Generator completed successfully.
2026-07-25 01:44:23 | INFO     | __main__ | ================================================================================
2026-07-25 05:50:26 | INFO     | __main__ | Loading Customer dataset...
2026-07-25 05:50:26 | INFO     | __main__ | Loaded 5000 customers.
2026-07-25 05:50:26 | INFO     | __main__ | Loading Branch dataset...
2026-07-25 05:50:26 | INFO     | __main__ | Loaded 50 branches.
2026-07-25 05:50:26 | INFO     | __main__ | Loading Merchants dataset...
2026-07-25 05:50:26 | INFO     | __main__ | Loaded 1000 merchants.
2026-07-25 05:50:26 | INFO     | __main__ | Banking Generator initialized successfully.
2026-07-25 05:50:26 | INFO     | __main__ | ================================================================================
2026-07-25 05:50:26 | INFO     | __main__ | Starting Banking Generator...
2026-07-25 05:50:26 | INFO     | __main__ | Generating Accounts...
2026-07-25 05:50:44 | INFO     | __main__ | 7000 Accounts generated successfully.
2026-07-25 05:50:44 | INFO     | __main__ | Generating Cards...
2026-07-25 05:50:48 | INFO     | __main__ | 7321 Cards generated successfully.
2026-07-25 05:50:48 | INFO     | __main__ | Generating Transactions...
2026-07-25 05:50:48 | INFO     | __main__ | Preparing transaction lookup caches...
2026-07-25 05:50:48 | INFO     | __main__ | Transaction lookup caches ready (6752 eligible accounts, 6257 active cards, 936 active merchants).
2026-07-25 05:52:36 | INFO     | __main__ | 250000 Transactions generated successfully.
2026-07-25 05:52:36 | INFO     | __main__ | ======================================================================
2026-07-25 05:52:36 | INFO     | __main__ | Banking Generation Summary
2026-07-25 05:52:36 | INFO     | __main__ | Accounts Generated      : 7000
2026-07-25 05:52:36 | INFO     | __main__ | Cards Generated         : 7321
2026-07-25 05:52:36 | INFO     | __main__ | Transactions Generated  : 250000
2026-07-25 05:52:36 | INFO     | __main__ | ======================================================================
2026-07-25 05:52:36 | INFO     | __main__ | Running Validation...
2026-07-25 05:52:36 | INFO     | __main__ | Validating Accounts...
2026-07-25 05:52:36 | INFO     | __main__ | Account validation completed successfully.
2026-07-25 05:52:36 | INFO     | __main__ | Validating Cards...
2026-07-25 05:52:36 | INFO     | __main__ | Card validation successful.
2026-07-25 05:52:36 | INFO     | __main__ | Validating Transactions...
2026-07-25 05:52:40 | INFO     | __main__ | Transaction validation completed successfully.
2026-07-25 05:52:40 | INFO     | __main__ | Validation Successful.
2026-07-25 05:52:40 | INFO     | __main__ | Exporting datasets...
2026-07-25 05:52:40 | INFO     | __main__ | Exporting Accounts...
2026-07-25 05:52:40 | INFO     | __main__ | Accounts exported successfully to C:\Documents\Banking_Data_Platform\python\output\accounts.csv
2026-07-25 05:52:40 | INFO     | __main__ | Exporting Cards...
2026-07-25 05:52:40 | INFO     | __main__ | Cards exported to C:\Documents\Banking_Data_Platform\python\output\cards.csv
2026-07-25 05:52:40 | INFO     | __main__ | Exporting Transactions...
2026-07-25 05:52:46 | INFO     | __main__ | Transactions exported successfully to C:\Documents\Banking_Data_Platform\python\output\transactions.csv
2026-07-25 05:52:46 | INFO     | __main__ | Export completed successfully.
2026-07-25 05:52:46 | INFO     | __main__ | Banking Generator completed successfully.
2026-07-25 05:52:46 | INFO     | __main__ | ================================================================================
2026-07-25 05:53:10 | INFO     | __main__ | Loading Transaction dataset...
2026-07-25 05:53:11 | INFO     | __main__ | Loaded 250000 transactions.
2026-07-25 05:53:11 | INFO     | __main__ | Loading Employee dataset...
2026-07-25 05:53:11 | INFO     | __main__ | Loaded 350 employees.
2026-07-25 05:53:11 | INFO     | __main__ | Risk Generator initialized successfully.
2026-07-25 05:53:11 | INFO     | __main__ | ================================================================================
2026-07-25 05:53:11 | INFO     | __main__ | Starting Risk Generator...
2026-07-25 05:53:11 | INFO     | __main__ | Generating Fraud Alerts...
2026-07-25 05:53:14 | INFO     | __main__ | 3000 Fraud Alerts generated successfully.
2026-07-25 05:53:14 | INFO     | __main__ | ======================================================================
2026-07-25 05:53:14 | INFO     | __main__ | Risk Generation Summary
2026-07-25 05:53:14 | INFO     | __main__ | Fraud Alerts Generated  : 3000
2026-07-25 05:53:14 | INFO     | __main__ | ======================================================================
2026-07-25 05:53:14 | INFO     | __main__ | Running Validation...
2026-07-25 05:53:14 | INFO     | __main__ | Validating Fraud Alerts...
2026-07-25 05:53:15 | INFO     | __main__ | Fraud Alert validation completed successfully.
2026-07-25 05:53:15 | INFO     | __main__ | Validation Successful.
2026-07-25 05:53:15 | INFO     | __main__ | Exporting datasets...
2026-07-25 05:53:15 | INFO     | __main__ | Exporting Fraud Alerts...
2026-07-25 05:53:15 | INFO     | __main__ | Fraud Alerts exported successfully to C:\Documents\Banking_Data_Platform\python\output\fraud_alerts.csv
2026-07-25 05:53:15 | INFO     | __main__ | Export completed successfully.
2026-07-25 05:53:15 | INFO     | __main__ | Risk Generator completed successfully.
2026-07-25 05:53:15 | INFO     | __main__ | ================================================================================
